libsd_IMPORTS_start
I_sceSdInit
I_sceSdSetParam
I_sceSdSetTransCallback
I_sceSdBlockTrans
I_sceSdBlockTransStatus
libsd_IMPORTS_end

sifcmd_IMPORTS_start
I_sceSifInitRpc
I_sceSifSetRpcQueue
I_sceSifRegisterRpc
I_sceSifRpcLoop
sifcmd_IMPORTS_end

stdio_IMPORTS_start
I_printf
stdio_IMPORTS_end

sysmem_IMPORTS_start
I_Kprintf
sysmem_IMPORTS_end

thbase_IMPORTS_start
I_CreateThread
I_StartThread
I_GetThreadId
thbase_IMPORTS_end

thsemap_IMPORTS_start
I_CreateSema
I_SignalSema
I_iSignalSema
I_WaitSema
thsemap_IMPORTS_end

intrman_IMPORTS_start
I_CpuEnableIntr
intrman_IMPORTS_end

loadcore_IMPORTS_start
I_FlushDcache
loadcore_IMPORTS_end
